(TranslationUnit (SymbolTable 1 {test_abs: (Subroutine (SymbolTable 4 {a: (Variable 4 a Local () () Default (Integer 4 []) Source Public Required .false.), b: (Variable 4 b Local () () Default (Real 4 []) Source Public Required .false.)}) test_abs [] [(= (Var 4 a) (ConstantInteger 5 (Integer 4 [])) ()) (= (Var 4 a) (ConstantInteger 0 (Logical 1 [])) ()) (= (Var 4 b) (ConstantReal 5.500000 (Real 8 [])) ())] Source Public Implementation () .false. .false.), test_boz: (Subroutine (SymbolTable 2 {b: (Variable 2 b Local () () Default (Character 1 -2 () []) Source Public Required .false.)}) test_boz [] [(= (Var 2 b) (ConstantString "0b101" (Character 1 1 () [])) ()) (= (Var 2 b) (ConstantString "0b1000000" (Character 1 1 () [])) ()) (= (Var 2 b) (ConstantString "0o10" (Character 1 1 () [])) ()) (= (Var 2 b) (ConstantString "0o70" (Character 1 1 () [])) ()) (= (Var 2 b) (ConstantString "0x2a" (Character 1 1 () [])) ()) (= (Var 2 b) (ConstantString "0xc0ffee" (Character 1 1 () [])) ())] Source Public Implementation () .false. .false.), test_ord_chr: (Subroutine (SymbolTable 3 {a: (Variable 3 a Local () () Default (Integer 4 []) Source Public Required .false.), s: (Variable 3 s Local () () Default (Character 1 -2 () []) Source Public Required .false.)}) test_ord_chr [] [(= (Var 3 a) (ConstantInteger 53 (Integer 4 [])) ()) (= (Var 3 s) (ConstantString "+" (Character 1 1 () [])) ())] Source Public Implementation () .false. .false.)}) [])
