(TranslationUnit
    (SymbolTable
        1
        {
            __main__:
                (Module
                    (SymbolTable
                        2
                        {
                            f:
                                (Variable
                                    2
                                    f
                                    []
                                    Local
                                    (Cast
                                        (RealConstant
                                            1.234568
                                            (Real 8)
                                        )
                                        RealToReal
                                        (Real 4)
                                        (RealConstant
                                            1.234568
                                            (Real 4)
                                        )
                                    )
                                    (RealConstant
                                        1.234568
                                        (Real 4)
                                    )
                                    Default
                                    (Real 4)
                                    ()
                                    Source
                                    Public
                                    Required
                                    .false.
                                ),
                            f2:
                                (Variable
                                    2
                                    f2
                                    []
                                    Local
                                    (RealConstant
                                        1.234568
                                        (Real 8)
                                    )
                                    (RealConstant
                                        1.234568
                                        (Real 8)
                                    )
                                    Default
                                    (Real 8)
                                    ()
                                    Source
                                    Public
                                    Required
                                    .false.
                                ),
                            i:
                                (Variable
                                    2
                                    i
                                    []
                                    Local
                                    (IntegerConstant 5 (Integer 4))
                                    (IntegerConstant 5 (Integer 4))
                                    Default
                                    (Integer 4)
                                    ()
                                    Source
                                    Public
                                    Required
                                    .false.
                                ),
                            i2:
                                (Variable
                                    2
                                    i2
                                    []
                                    Local
                                    (Cast
                                        (IntegerConstant 53430903434 (Integer 4))
                                        IntegerToInteger
                                        (Integer 8)
                                        (IntegerConstant 53430903434 (Integer 8))
                                    )
                                    (IntegerConstant 53430903434 (Integer 8))
                                    Default
                                    (Integer 8)
                                    ()
                                    Source
                                    Public
                                    Required
                                    .false.
                                )
                        })
                    __main__
                    []
                    .false.
                    .false.
                ),
            main_program:
                (Program
                    (SymbolTable
                        3
                        {
                            
                        })
                    main_program
                    []
                    []
                )
        })
    []
)
