(Module [(FunctionDef test_boz ([] [] [] [] [] [] []) [(AnnAssign (Name b Store) (Name str Load) () 1) (Assign [(Name b Store)] (Call (Name bin Load) [(ConstantInt 5 ())] []) ()) (Assign [(Name b Store)] (Call (Name bin Load) [(ConstantInt 64 ())] []) ()) (Assign [(Name b Store)] (Call (Name oct Load) [(ConstantInt 8 ())] []) ()) (Assign [(Name b Store)] (Call (Name oct Load) [(ConstantInt 56 ())] []) ()) (Assign [(Name b Store)] (Call (Name hex Load) [(ConstantInt 42 ())] []) ()) (Assign [(Name b Store)] (Call (Name hex Load) [(ConstantInt 12648430 ())] []) ())] [] () ()) (FunctionDef test_ord_chr ([] [] [] [] [] [] []) [(AnnAssign (Name s Store) (Name str Load) () 1) (AnnAssign (Name a Store) (Name i32 Load) () 1) (Assign [(Name a Store)] (Call (Name ord Load) [(ConstantStr "5" ())] []) ()) (Assign [(Name s Store)] (Call (Name chr Load) [(ConstantInt 43 ())] []) ())] [] () ()) (FunctionDef test_abs ([] [] [] [] [] [] []) [(AnnAssign (Name a Store) (Name i32 Load) () 1) (Assign [(Name a Store)] (Call (Name abs Load) [(ConstantInt 5 ())] []) ()) (Assign [(Name a Store)] (Call (Name abs Load) [(ConstantBool .false. ())] []) ()) (AnnAssign (Name b Store) (Name f32 Load) () 1) (Assign [(Name b Store)] (Call (Name abs Load) [(ConstantFloat 5.500000 ())] []) ())] [] () ())] [])
