def __main__global_stmts():
    my_first_list = [1, 2, 3, 4, 5]
    print(my_first_list)
    my_first_list.append(4)
    my_first_list.remove(2)
    print(my_first_list.count(4))
    my_first_list.insert(0, 1)
    my_first_list.clear()
    my_second_list = [1.200000, 4.300000, 2.800000]
    print(my_second_list)
    my_second_list.append(4.300000)
    my_second_list.remove(2.800000)
    print(my_second_list.count(4.300000))
    my_second_list.insert(0, 3.300000)
    my_second_list.clear()
    my_third_list = ["hello", "world", "lpython"]
    print(my_third_list)
    my_third_list.append("hello")
    my_third_list.remove("world")
    print(my_third_list.count("hello"))
    my_third_list.insert(0, "hi")
    my_third_list.clear()
    my_fourth_list = [(1.200000, 4.300000), (2.800000, 3.300000)]
    print(my_fourth_list)
    my_fourth_list.append((1.600000, 2.200000))
    my_fourth_list.remove((1.200000, 4.300000))
    print(my_fourth_list.count((2.800000, 3.300000)))
    my_fourth_list.insert(0, (1.000000, 0.000000))
    my_fourth_list.clear()
    f()
def f():
    my_first_list: list[i32]
    my_fourth_list: list[tuple[f64, f64]]
    my_second_list: list[f64]
    my_third_list: list[str]
    my_first_list = [1, 2, 3, 4, 5]
    print(my_first_list)
    my_first_list.append(4)
    my_first_list.remove(2)
    print(my_first_list.count(4))
    my_first_list.insert(0, 1)
    my_first_list.clear()
    my_second_list = [1.200000, 4.300000, 2.800000]
    print(my_second_list)
    my_second_list.append(4.300000)
    my_second_list.remove(2.800000)
    print(my_second_list.count(4.300000))
    my_second_list.insert(0, 3.300000)
    my_second_list.clear()
    my_third_list = ["hello", "world", "lpython"]
    print(my_third_list)
    my_third_list.append("hello")
    my_third_list.remove("world")
    print(my_third_list.count("hello"))
    my_third_list.insert(0, "hi")
    my_third_list.clear()
    my_fourth_list = [(1.200000, 4.300000), (2.800000, 3.300000)]
    print(my_fourth_list)
    my_fourth_list.append((1.600000, 2.200000))
    my_fourth_list.remove((1.200000, 4.300000))
    print(my_fourth_list.count((2.800000, 3.300000)))
    my_fourth_list.insert(0, (1.000000, 0.000000))
    my_fourth_list.clear()
